2025-12-13 07:38:00 | DEBUG | repo=a4m36jee-2014-clustering-seminar | action=pull
2025-10-28 08:58:00 | INFO | repo=a4m36jee-2014-clustering-seminar | action=edit | files=4
2025-03-15 15:27:00 | WARN | repo=a4m36jee-2014-clustering-seminar | action=commit
2025-09-12 19:29:00 | WARN | repo=a4m36jee-2014-clustering-seminar | action=pull
2025-06-27 18:37:00 | INFO | repo=a4m36jee-2014-clustering-seminar | action=commit
2025-07-16 19:07:00 | WARN | repo=a4m36jee-2014-clustering-seminar | action=commit
2025-10-26 07:00:00 | INFO | repo=a4m36jee-2014-clustering-seminar | action=edit | files=2
2025-07-12 21:49:00 | DEBUG | repo=a4m36jee-2014-clustering-seminar | action=commit
2025-09-21 14:05:00 | WARN | repo=a4m36jee-2014-clustering-seminar | action=commit
2025-03-24 21:40:00 | INFO | repo=a4m36jee-2014-clustering-seminar | action=pull
2025-01-28 07:18:00 | INFO | repo=a4m36jee-2014-clustering-seminar | action=pull
2025-04-20 13:43:00 | DEBUG | repo=a4m36jee-2014-clustering-seminar | action=commit
2025-03-23 08:51:00 | WARN | repo=a4m36jee-2014-clustering-seminar | action=commit
2025-06-19 07:45:00 | INFO | repo=a4m36jee-2014-clustering-seminar | action=test | passed=true
2025-08-27 12:59:00 | INFO | repo=a4m36jee-2014-clustering-seminar | action=commit
2025-08-11 11:08:00 | WARN | repo=a4m36jee-2014-clustering-seminar | action=commit
2025-01-09 15:48:00 | INFO | repo=a4m36jee-2014-clustering-seminar | action=edit | files=2
2025-03-24 20:25:00 | WARN | repo=a4m36jee-2014-clustering-seminar | action=commit
2025-08-24 15:31:00 | DEBUG | repo=a4m36jee-2014-clustering-seminar | action=commit
2025-07-09 21:46:00 | WARN | repo=a4m36jee-2014-clustering-seminar | action=commit
2025-08-02 13:57:00 | WARN | repo=a4m36jee-2014-clustering-seminar | action=pull
2025-06-21 11:45:00 | WARN | repo=a4m36jee-2014-clustering-seminar | action=commit
